
> goklean@1.1.0 dev
> npm run development


> goklean@1.1.0 development
> mix

node.exe : Browserslist: 
caniuse-lite is outdated. 
Please run:
At line:1 char:1
+ & "C:\Program 
Files\nodejs/node.exe" "C:
\Users\Dell\AppData\Roamin
g\n ...
+ ~~~~~~~~~~~~~~~~~~~~~~~~
~~~~~~~~~~~~~~~~~~~~~~~~~~
~~~~~~~~~~~~~~~~~~~
    + CategoryInfo        
      : NotSpecifi    ed: 
(Browserslist:     
c...ed. Please ru    
n::String) [], Rem    
oteException
    + FullyQualifiedEr    
rorId : NativeComm    
andError
 
  npx browserslist@latest 
--update-db
  Why you should do it 
regularly: https://github.
com/browserslist/browsersl
ist#browsers-data-updating
i Compiling Mix
ΓêÜ Mix: Compiled with some errors in 2.05s
[1m[31mERROR[39m[22m in [1m./resources/css/app.css[39m[22m
[1mModule build [1m[31mfailed[39m[22m[1m (from ./node_modules/mini-css-extract-plugin/dist/loader.js):
ModuleBuildError: Module build [1m[31mfailed[39m[22m[1m (from ./node_modules/postcss-loader/dist/cjs.js):
[1m[31mError[39m[22m[1m: [1m[31mFailed[39m[22m[1m to find 'primevue/resources/themes/saga-blue/theme.css'
  in [
    D:\github\goklean\resources\css
  ]
    at D:\github\goklean\node_modules\postcss-import\lib\resolve-id.js:35:13
    at async LazyResult.runAsync (D:\github\goklean\node_modules\postcss\lib\lazy-result.js:293:11)
    at async Object.loader (D:\github\goklean\node_modules\postcss-loader\dist\index.js:97:14)
    at processResult (D:\github\goklean\node_modules\webpack\lib\NormalModule.js:753:19)
    at D:\github\goklean\node_modules\webpack\lib\NormalModule.js:855:5
    at D:\github\goklean\node_modules\loader-runner\lib\LoaderRunner.js:399:11
    at D:\github\goklean\node_modules\loader-runner\lib\LoaderRunner.js:251:18
    at context.callback (D:\github\goklean\node_modules\loader-runner\lib\LoaderRunner.js:124:13)
    at Object.loader (D:\github\goklean\node_modules\postcss-loader\dist\index.js:142:7)[39m[22m

[1m[31m1 ERROR in child compilations (Use 'stats.children: true' resp. '--stats-children' for more details)[39m[22m
webpack compiled with [1m[31m2 errors[39m[22m
